[1/4] loading table of contents (cached under C:\Users\yairz\Downloads\FutureOS-main\FutureOS-main\Sfarim\tools\output\_cache) ...
[2/4] loading Hebrew text index (books.json, cached) ...
      6211 titles have a Hebrew version available
[3/4] building/verifying category tree (idempotent) ...
[4/4] 6211 Hebrew books matched to the TOC; 0 already imported, 6211 to fetch now
  25/6211 books | 1680 segments | 4s elapsed | ETA 16.9min
  50/6211 books | 2653 segments | 6s elapsed | ETA 11.4min
  75/6211 books | 3109 segments | 6s elapsed | ETA 8.8min
  100/6211 books | 3261 segments | 7s elapsed | ETA 7.3min
  125/6211 books | 3350 segments | 8s elapsed | ETA 6.4min
  150/6211 books | 3439 segments | 8s elapsed | ETA 5.5min
  175/6211 books | 3730 segments | 9s elapsed | ETA 5.1min
  200/6211 books | 17990 segments | 17s elapsed | ETA 8.5min
  225/6211 books | 30483 segments | 27s elapsed | ETA 12.1min
  250/6211 books | 54962 segments | 42s elapsed | ETA 16.7min
  275/6211 books | 62530 segments | 43s elapsed | ETA 15.5min
  300/6211 books | 87968 segments | 46s elapsed | ETA 15.0min
  325/6211 books | 107623 segments | 48s elapsed | ETA 14.5min
  350/6211 books | 110841 segments | 49s elapsed | ETA 13.7min
  375/6211 books | 110993 segments | 50s elapsed | ETA 13.0min
  400/6211 books | 111171 segments | 50s elapsed | ETA 12.2min
  425/6211 books | 113824 segments | 51s elapsed | ETA 11.7min
  450/6211 books | 117473 segments | 55s elapsed | ETA 11.7min
  475/6211 books | 118964 segments | 57s elapsed | ETA 11.4min
  500/6211 books | 138685 segments | 80s elapsed | ETA 15.2min
  525/6211 books | 153641 segments | 91s elapsed | ETA 16.5min
  550/6211 books | 153858 segments | 91s elapsed | ETA 15.7min
  575/6211 books | 158137 segments | 95s elapsed | ETA 15.6min
  600/6211 books | 162492 segments | 96s elapsed | ETA 15.0min
  625/6211 books | 166596 segments | 97s elapsed | ETA 14.5min
  650/6211 books | 170874 segments | 105s elapsed | ETA 15.0min
  675/6211 books | 173668 segments | 124s elapsed | ETA 16.9min
  700/6211 books | 178642 segments | 127s elapsed | ETA 16.6min
  725/6211 books | 182554 segments | 130s elapsed | ETA 16.4min
  750/6211 books | 184405 segments | 131s elapsed | ETA 15.9min
  775/6211 books | 187568 segments | 135s elapsed | ETA 15.8min
  800/6211 books | 190044 segments | 137s elapsed | ETA 15.4min
  825/6211 books | 192299 segments | 137s elapsed | ETA 14.9min
  850/6211 books | 197323 segments | 138s elapsed | ETA 14.5min
  875/6211 books | 199923 segments | 139s elapsed | ETA 14.1min
  900/6211 books | 207480 segments | 141s elapsed | ETA 13.8min
  925/6211 books | 217814 segments | 146s elapsed | ETA 13.9min
  950/6211 books | 220380 segments | 147s elapsed | ETA 13.6min
  975/6211 books | 220592 segments | 148s elapsed | ETA 13.3min
  1000/6211 books | 226864 segments | 150s elapsed | ETA 13.0min
  1025/6211 books | 234982 segments | 152s elapsed | ETA 12.8min
  1050/6211 books | 237440 segments | 153s elapsed | ETA 12.5min
  1075/6211 books | 249358 segments | 160s elapsed | ETA 12.7min
  1100/6211 books | 249904 segments | 160s elapsed | ETA 12.4min
  1125/6211 books | 253823 segments | 168s elapsed | ETA 12.7min
  1150/6211 books | 255783 segments | 172s elapsed | ETA 12.6min
  1175/6211 books | 279100 segments | 200s elapsed | ETA 14.3min
  1200/6211 books | 298169 segments | 216s elapsed | ETA 15.0min
  1225/6211 books | 298697 segments | 218s elapsed | ETA 14.8min
  1250/6211 books | 302454 segments | 233s elapsed | ETA 15.4min
  1275/6211 books | 305983 segments | 267s elapsed | ETA 17.2min
  1300/6211 books | 309056 segments | 271s elapsed | ETA 17.1min
  1325/6211 books | 316655 segments | 302s elapsed | ETA 18.6min
  1350/6211 books | 319695 segments | 305s elapsed | ETA 18.3min
  1375/6211 books | 321432 segments | 306s elapsed | ETA 17.9min
  1400/6211 books | 327555 segments | 306s elapsed | ETA 17.5min
  1425/6211 books | 333275 segments | 307s elapsed | ETA 17.2min
  1450/6211 books | 335947 segments | 307s elapsed | ETA 16.8min
  1475/6211 books | 338192 segments | 308s elapsed | ETA 16.5min
  1500/6211 books | 340981 segments | 308s elapsed | ETA 16.1min
  1525/6211 books | 343111 segments | 308s elapsed | ETA 15.8min
  1550/6211 books | 345415 segments | 311s elapsed | ETA 15.6min
  1575/6211 books | 350151 segments | 312s elapsed | ETA 15.3min
  1600/6211 books | 350877 segments | 313s elapsed | ETA 15.0min
  1625/6211 books | 351465 segments | 313s elapsed | ETA 14.7min
  1650/6211 books | 352050 segments | 313s elapsed | ETA 14.4min
  1675/6211 books | 353415 segments | 313s elapsed | ETA 14.1min
  1700/6211 books | 357001 segments | 314s elapsed | ETA 13.9min
  1725/6211 books | 358990 segments | 315s elapsed | ETA 13.6min
  1750/6211 books | 368397 segments | 316s elapsed | ETA 13.4min
  1775/6211 books | 376525 segments | 317s elapsed | ETA 13.2min
  1800/6211 books | 381292 segments | 317s elapsed | ETA 13.0min
  1825/6211 books | 385839 segments | 318s elapsed | ETA 12.7min
  1850/6211 books | 389792 segments | 319s elapsed | ETA 12.5min
  1875/6211 books | 397712 segments | 322s elapsed | ETA 12.4min
  1900/6211 books | 405915 segments | 325s elapsed | ETA 12.3min
  1925/6211 books | 412993 segments | 343s elapsed | ETA 12.7min
  1950/6211 books | 427159 segments | 352s elapsed | ETA 12.8min
  1975/6211 books | 462407 segments | 360s elapsed | ETA 12.9min
  2000/6211 books | 467935 segments | 362s elapsed | ETA 12.7min
  2025/6211 books | 471521 segments | 364s elapsed | ETA 12.5min
  2050/6211 books | 478285 segments | 364s elapsed | ETA 12.3min
  2075/6211 books | 481743 segments | 369s elapsed | ETA 12.3min
  2100/6211 books | 482841 segments | 369s elapsed | ETA 12.0min
  2125/6211 books | 484660 segments | 370s elapsed | ETA 11.8min
  2150/6211 books | 509274 segments | 382s elapsed | ETA 12.0min
  2175/6211 books | 545285 segments | 388s elapsed | ETA 12.0min
  2200/6211 books | 548926 segments | 389s elapsed | ETA 11.8min
  2225/6211 books | 552526 segments | 392s elapsed | ETA 11.7min
  2250/6211 books | 554290 segments | 395s elapsed | ETA 11.6min
  2275/6211 books | 556464 segments | 396s elapsed | ETA 11.4min
  2300/6211 books | 558915 segments | 397s elapsed | ETA 11.2min
  2325/6211 books | 561843 segments | 397s elapsed | ETA 11.1min
  2350/6211 books | 564255 segments | 398s elapsed | ETA 10.9min
  2375/6211 books | 565059 segments | 398s elapsed | ETA 10.7min
  2400/6211 books | 571822 segments | 399s elapsed | ETA 10.6min
  2425/6211 books | 576999 segments | 400s elapsed | ETA 10.4min
  2450/6211 books | 580648 segments | 401s elapsed | ETA 10.3min
  2475/6211 books | 585665 segments | 402s elapsed | ETA 10.1min
  2500/6211 books | 589189 segments | 402s elapsed | ETA 10.0min
  2525/6211 books | 596714 segments | 404s elapsed | ETA 9.8min
  2550/6211 books | 600532 segments | 407s elapsed | ETA 9.7min
  2575/6211 books | 604623 segments | 408s elapsed | ETA 9.6min
  2600/6211 books | 613952 segments | 409s elapsed | ETA 9.5min
  2625/6211 books | 625663 segments | 410s elapsed | ETA 9.3min
  2650/6211 books | 631757 segments | 411s elapsed | ETA 9.2min
  2675/6211 books | 635088 segments | 412s elapsed | ETA 9.1min
  2700/6211 books | 636537 segments | 413s elapsed | ETA 8.9min
  2725/6211 books | 637379 segments | 414s elapsed | ETA 8.8min
  2750/6211 books | 640826 segments | 414s elapsed | ETA 8.7min
  2775/6211 books | 654900 segments | 415s elapsed | ETA 8.6min
  2800/6211 books | 673171 segments | 417s elapsed | ETA 8.5min
  2825/6211 books | 673175 segments | 417s elapsed | ETA 8.3min
  2850/6211 books | 673233 segments | 417s elapsed | ETA 8.2min
  2875/6211 books | 673341 segments | 417s elapsed | ETA 8.1min
  2900/6211 books | 673496 segments | 417s elapsed | ETA 7.9min
  2925/6211 books | 679427 segments | 419s elapsed | ETA 7.8min
  2950/6211 books | 686818 segments | 420s elapsed | ETA 7.7min
  2975/6211 books | 689980 segments | 424s elapsed | ETA 7.7min
  3000/6211 books | 690107 segments | 424s elapsed | ETA 7.6min
  3025/6211 books | 691030 segments | 424s elapsed | ETA 7.4min
  3050/6211 books | 709375 segments | 425s elapsed | ETA 7.3min
  3075/6211 books | 725370 segments | 426s elapsed | ETA 7.2min
  3100/6211 books | 741688 segments | 427s elapsed | ETA 7.1min
  3125/6211 books | 748948 segments | 433s elapsed | ETA 7.1min
  3150/6211 books | 751910 segments | 434s elapsed | ETA 7.0min
  3175/6211 books | 755178 segments | 434s elapsed | ETA 6.9min
  3200/6211 books | 766152 segments | 435s elapsed | ETA 6.8min
  3225/6211 books | 774611 segments | 436s elapsed | ETA 6.7min
  3250/6211 books | 777715 segments | 437s elapsed | ETA 6.6min
  3275/6211 books | 779185 segments | 439s elapsed | ETA 6.6min
  3300/6211 books | 780514 segments | 440s elapsed | ETA 6.5min
  3325/6211 books | 780990 segments | 440s elapsed | ETA 6.4min
  3350/6211 books | 780990 segments | 440s elapsed | ETA 6.3min
  3375/6211 books | 781701 segments | 440s elapsed | ETA 6.2min
  3400/6211 books | 782393 segments | 440s elapsed | ETA 6.1min
  3425/6211 books | 782936 segments | 441s elapsed | ETA 6.0min
  3450/6211 books | 783833 segments | 441s elapsed | ETA 5.9min
  3475/6211 books | 787746 segments | 441s elapsed | ETA 5.8min
  3500/6211 books | 792726 segments | 442s elapsed | ETA 5.7min
  3525/6211 books | 797477 segments | 442s elapsed | ETA 5.6min
  3550/6211 books | 802294 segments | 443s elapsed | ETA 5.5min
  3575/6211 books | 802556 segments | 443s elapsed | ETA 5.4min
  3600/6211 books | 807976 segments | 444s elapsed | ETA 5.4min
  3625/6211 books | 824059 segments | 445s elapsed | ETA 5.3min
  3650/6211 books | 831890 segments | 447s elapsed | ETA 5.2min
  3675/6211 books | 837384 segments | 448s elapsed | ETA 5.2min
  3700/6211 books | 838693 segments | 448s elapsed | ETA 5.1min
  3725/6211 books | 839249 segments | 448s elapsed | ETA 5.0min
  3750/6211 books | 840053 segments | 449s elapsed | ETA 4.9min
  3775/6211 books | 840793 segments | 449s elapsed | ETA 4.8min
  3800/6211 books | 843517 segments | 449s elapsed | ETA 4.8min
  3825/6211 books | 852653 segments | 450s elapsed | ETA 4.7min
  3850/6211 books | 870737 segments | 452s elapsed | ETA 4.6min
  ERROR importing 'Penei Moshe on Jerusalem Talmud Sanhedrin': Remote end closed connection without response
  3875/6211 books | 906015 segments | 456s elapsed | ETA 4.6min
  3900/6211 books | 917049 segments | 460s elapsed | ETA 4.5min
  3925/6211 books | 931467 segments | 461s elapsed | ETA 4.5min
  3950/6211 books | 941302 segments | 462s elapsed | ETA 4.4min
  3975/6211 books | 941876 segments | 462s elapsed | ETA 4.3min
  4000/6211 books | 944651 segments | 463s elapsed | ETA 4.3min
  4025/6211 books | 950497 segments | 463s elapsed | ETA 4.2min
  4050/6211 books | 953624 segments | 463s elapsed | ETA 4.1min
  4075/6211 books | 962312 segments | 464s elapsed | ETA 4.1min
  4100/6211 books | 983688 segments | 466s elapsed | ETA 4.0min
  4125/6211 books | 1000223 segments | 469s elapsed | ETA 4.0min
  4150/6211 books | 1014635 segments | 471s elapsed | ETA 3.9min
  4175/6211 books | 1017393 segments | 471s elapsed | ETA 3.8min
  4200/6211 books | 1019785 segments | 474s elapsed | ETA 3.8min
  4225/6211 books | 1024319 segments | 474s elapsed | ETA 3.7min
  4250/6211 books | 1039071 segments | 475s elapsed | ETA 3.7min
  4275/6211 books | 1049305 segments | 476s elapsed | ETA 3.6min
  4300/6211 books | 1055744 segments | 477s elapsed | ETA 3.5min
  4325/6211 books | 1057172 segments | 477s elapsed | ETA 3.5min
  4350/6211 books | 1060011 segments | 477s elapsed | ETA 3.4min
  4375/6211 books | 1074259 segments | 479s elapsed | ETA 3.4min
  4400/6211 books | 1102521 segments | 481s elapsed | ETA 3.3min
  4425/6211 books | 1149948 segments | 484s elapsed | ETA 3.3min
  4450/6211 books | 1189325 segments | 487s elapsed | ETA 3.2min
  4475/6211 books | 1238762 segments | 496s elapsed | ETA 3.2min
  4500/6211 books | 1263365 segments | 498s elapsed | ETA 3.2min
  4525/6211 books | 1267998 segments | 499s elapsed | ETA 3.1min
  4550/6211 books | 1280081 segments | 500s elapsed | ETA 3.0min
  4575/6211 books | 1285944 segments | 501s elapsed | ETA 3.0min
  4600/6211 books | 1292749 segments | 501s elapsed | ETA 2.9min
  4625/6211 books | 1296764 segments | 505s elapsed | ETA 2.9min
  4650/6211 books | 1301151 segments | 505s elapsed | ETA 2.8min
  4675/6211 books | 1302996 segments | 505s elapsed | ETA 2.8min
  4700/6211 books | 1303183 segments | 506s elapsed | ETA 2.7min
  4725/6211 books | 1303332 segments | 506s elapsed | ETA 2.7min
  4750/6211 books | 1304294 segments | 506s elapsed | ETA 2.6min
  4775/6211 books | 1306504 segments | 507s elapsed | ETA 2.5min
  4800/6211 books | 1307106 segments | 507s elapsed | ETA 2.5min
  4825/6211 books | 1308397 segments | 507s elapsed | ETA 2.4min
  4850/6211 books | 1311021 segments | 508s elapsed | ETA 2.4min
  4875/6211 books | 1319681 segments | 508s elapsed | ETA 2.3min
  4900/6211 books | 1330667 segments | 510s elapsed | ETA 2.3min
  4925/6211 books | 1335566 segments | 510s elapsed | ETA 2.2min
  4950/6211 books | 1342160 segments | 511s elapsed | ETA 2.2min
  4975/6211 books | 1354890 segments | 514s elapsed | ETA 2.1min
  5000/6211 books | 1362391 segments | 519s elapsed | ETA 2.1min
  5025/6211 books | 1366227 segments | 520s elapsed | ETA 2.0min
  5050/6211 books | 1380597 segments | 522s elapsed | ETA 2.0min
  5075/6211 books | 1399747 segments | 523s elapsed | ETA 2.0min
  5100/6211 books | 1448482 segments | 528s elapsed | ETA 1.9min
  5125/6211 books | 1484866 segments | 532s elapsed | ETA 1.9min
  5150/6211 books | 1494707 segments | 534s elapsed | ETA 1.8min
  5175/6211 books | 1504953 segments | 535s elapsed | ETA 1.8min
  5200/6211 books | 1505002 segments | 535s elapsed | ETA 1.7min
  5225/6211 books | 1509947 segments | 536s elapsed | ETA 1.7min
  5250/6211 books | 1525862 segments | 538s elapsed | ETA 1.6min
  5275/6211 books | 1530466 segments | 541s elapsed | ETA 1.6min
  5300/6211 books | 1538419 segments | 545s elapsed | ETA 1.6min
  5325/6211 books | 1538964 segments | 548s elapsed | ETA 1.5min
  5350/6211 books | 1539645 segments | 548s elapsed | ETA 1.5min
  5375/6211 books | 1542727 segments | 549s elapsed | ETA 1.4min
  5400/6211 books | 1543558 segments | 549s elapsed | ETA 1.4min
  5425/6211 books | 1546981 segments | 549s elapsed | ETA 1.3min
  5450/6211 books | 1551350 segments | 550s elapsed | ETA 1.3min
  5475/6211 books | 1552487 segments | 550s elapsed | ETA 1.2min
  5500/6211 books | 1553381 segments | 550s elapsed | ETA 1.2min
  5525/6211 books | 1567990 segments | 552s elapsed | ETA 1.1min
  5550/6211 books | 1579894 segments | 553s elapsed | ETA 1.1min
  5575/6211 books | 1581955 segments | 554s elapsed | ETA 1.1min
  5600/6211 books | 1590718 segments | 555s elapsed | ETA 1.0min
  5625/6211 books | 1597610 segments | 556s elapsed | ETA 1.0min
  5650/6211 books | 1599440 segments | 556s elapsed | ETA 0.9min
  5675/6211 books | 1601359 segments | 556s elapsed | ETA 0.9min
  5700/6211 books | 1607879 segments | 557s elapsed | ETA 0.8min
  5725/6211 books | 1612847 segments | 561s elapsed | ETA 0.8min
  5750/6211 books | 1613938 segments | 561s elapsed | ETA 0.7min
  5775/6211 books | 1614317 segments | 561s elapsed | ETA 0.7min
  5800/6211 books | 1614425 segments | 561s elapsed | ETA 0.7min
  5825/6211 books | 1614742 segments | 561s elapsed | ETA 0.6min
  5850/6211 books | 1649214 segments | 564s elapsed | ETA 0.6min
  5875/6211 books | 1676224 segments | 565s elapsed | ETA 0.5min
  5900/6211 books | 1686340 segments | 566s elapsed | ETA 0.5min
  5925/6211 books | 1698335 segments | 567s elapsed | ETA 0.5min
  5950/6211 books | 1704561 segments | 568s elapsed | ETA 0.4min
  5975/6211 books | 1706291 segments | 568s elapsed | ETA 0.4min
  6000/6211 books | 1706450 segments | 568s elapsed | ETA 0.3min
  6025/6211 books | 1706625 segments | 568s elapsed | ETA 0.3min
  6050/6211 books | 1707598 segments | 569s elapsed | ETA 0.3min
  6075/6211 books | 1722102 segments | 574s elapsed | ETA 0.2min
  6100/6211 books | 1732166 segments | 575s elapsed | ETA 0.2min
  6125/6211 books | 1732507 segments | 576s elapsed | ETA 0.1min
  6150/6211 books | 1736813 segments | 576s elapsed | ETA 0.1min
  6175/6211 books | 1737084 segments | 576s elapsed | ETA 0.1min
  6200/6211 books | 1738113 segments | 577s elapsed | ETA 0.0min
building FTS5 title search index ...

=== DONE ===
categories: 1258 | books: 6210 | segments: 1744201
db size: 1551.6 MB at output\sefaria.db
1 books failed (re-run the script to retry them, it's resumable):
  - Penei Moshe on Jerusalem Talmud Sanhedrin: Remote end closed connection without response
