** Drc report for keyboard_prototype.kicad_pcb **
** Created on 2026-09-27T19:27:25 **
** Report includes: Errors, Warnings, Exclusions **

** Found 21 DRC violations **
[silk_edge_clearance]: Silkscreen clipped by board edge
    Rule: הדפסת משי בהגדרות לוח; warning
    @(153.0000 mm, 166.0000 mm): Segment on Edge.Cuts
    @(123.4775 mm, 165.5370 mm): Segment of U1 on B.Silkscreen
[silk_edge_clearance]: Silkscreen clipped by board edge
    Rule: הדפסת משי בהגדרות לוח; warning
    @(153.0000 mm, 166.0000 mm): Segment on Edge.Cuts
    @(132.4765 mm, 166.4470 mm): Segment of U1 on B.Silkscreen
[silk_overlap]: Silkscreen clearance
    Rule: הדפסת משי בהגדרות לוח; warning
    @(134.9575 mm, 165.5370 mm): Segment of U1 on B.Silkscreen
    @(126.1945 mm, 165.8360 mm): Reference field of U1
[silk_over_copper]: Silkscreen clipped by solder mask
    Local override; warning
    @(134.9575 mm, 163.6320 mm): Arc of U1 on B.Silkscreen
    @(136.0825 mm, 162.6200 mm): Pad 14 [/VBUS] of U1 on B.Cu
[silk_over_copper]: Silkscreen clipped by solder mask
    Local override; warning
    @(119.0825 mm, 146.4870 mm): Segment of U1 on B.Silkscreen
    @(119.9175 mm, 162.6200 mm): Pad 1 [/ROW0] of U1 on B.Cu
[silk_over_copper]: Silkscreen clipped by solder mask
    Local override; warning
    @(119.0825 mm, 146.4870 mm): Segment of U1 on B.Silkscreen
    @(119.9175 mm, 160.0800 mm): Pad 2 [/ROW1] of U1 on B.Cu
[silk_over_copper]: Silkscreen clipped by solder mask
    Local override; warning
    @(119.0825 mm, 146.4870 mm): Segment of U1 on B.Silkscreen
    @(119.9175 mm, 157.5400 mm): Pad 3 [/ROW2] of U1 on B.Cu
[silk_over_copper]: Silkscreen clipped by solder mask
    Local override; warning
    @(119.0825 mm, 146.4870 mm): Segment of U1 on B.Silkscreen
    @(119.9175 mm, 155.0000 mm): Pad 4 [/ROW3] of U1 on B.Cu
[silk_over_copper]: Silkscreen clipped by solder mask
    Local override; warning
    @(119.0825 mm, 146.4870 mm): Segment of U1 on B.Silkscreen
    @(119.9175 mm, 152.4600 mm): Pad 5 [/ROW4] of U1 on B.Cu
[silk_over_copper]: Silkscreen clipped by solder mask
    Local override; warning
    @(119.0825 mm, 146.4870 mm): Segment of U1 on B.Silkscreen
    @(119.9175 mm, 149.9200 mm): Pad 6 [/COL0] of U1 on B.Cu
[silk_over_copper]: Silkscreen clipped by solder mask
    Local override; warning
    @(119.0825 mm, 146.4870 mm): Segment of U1 on B.Silkscreen
    @(119.9175 mm, 147.3800 mm): Pad 7 [/COL1] of U1 on B.Cu
[silk_over_copper]: Silkscreen clipped by solder mask
    Local override; warning
    @(136.8625 mm, 146.4870 mm): Segment of U1 on B.Silkscreen
    @(136.0825 mm, 160.0800 mm): Pad 13 [GND] of U1 on B.Cu
[silk_over_copper]: Silkscreen clipped by solder mask
    Local override; warning
    @(136.8625 mm, 146.4870 mm): Segment of U1 on B.Silkscreen
    @(136.0825 mm, 162.6200 mm): Pad 14 [/VBUS] of U1 on B.Cu
[silk_over_copper]: Silkscreen clipped by solder mask
    Local override; warning
    @(136.8625 mm, 146.4870 mm): Segment of U1 on B.Silkscreen
    @(136.0825 mm, 149.9200 mm): Pad 9 [/COL3] of U1 on B.Cu
[silk_over_copper]: Silkscreen clipped by solder mask
    Local override; warning
    @(136.8625 mm, 146.4870 mm): Segment of U1 on B.Silkscreen
    @(136.0825 mm, 152.4600 mm): Pad 10 [/COL4] of U1 on B.Cu
[silk_over_copper]: Silkscreen clipped by solder mask
    Local override; warning
    @(136.8625 mm, 146.4870 mm): Segment of U1 on B.Silkscreen
    @(136.0825 mm, 155.0000 mm): Pad 11 [/BL_EN] of U1 on B.Cu
[silk_over_copper]: Silkscreen clipped by solder mask
    Local override; warning
    @(136.8625 mm, 146.4870 mm): Segment of U1 on B.Silkscreen
    @(136.0825 mm, 157.5400 mm): Pad 12 [unconnected-(U1-3V3_OUT-Pad12)] of U1 on B.Cu
[silk_over_copper]: Silkscreen clipped by solder mask
    Local override; warning
    @(136.8625 mm, 146.4870 mm): Segment of U1 on B.Silkscreen
    @(136.0825 mm, 147.3800 mm): Pad 8 [/COL2] of U1 on B.Cu
[silk_over_copper]: Silkscreen clipped by solder mask
    Local override; warning
    @(120.9875 mm, 146.4870 mm): Arc of U1 on B.Silkscreen
    @(119.9175 mm, 147.3800 mm): Pad 7 [/COL1] of U1 on B.Cu
[silk_over_copper]: Silkscreen clipped by solder mask
    Local override; warning
    @(134.9575 mm, 146.4870 mm): Arc of U1 on B.Silkscreen
    @(136.0825 mm, 147.3800 mm): Pad 8 [/COL2] of U1 on B.Cu
[silk_over_copper]: Silkscreen clipped by solder mask
    Local override; warning
    @(120.9875 mm, 163.6360 mm): Arc of U1 on B.Silkscreen
    @(119.9175 mm, 162.6200 mm): Pad 1 [/ROW0] of U1 on B.Cu

** Found 0 unconnected pads **

** Found 0 Footprint errors **

** Ignored checks **
    - Footprint has no courtyard defined
    - Track endpoint not centered on via
    - Tuning profile track geometries
    - Footprint doesn't match symbol's footprint filters
    - Footprint component type doesn't match footprint pads

** End of Report **
